=== v6 classical_gen  N=512 seed=0 steps=12000 q=8 L=4 bn=64 ===
classical_gen N=512      0/12000  loss=407.4467  ω=106.55%  ω_hi=90.11%  vel=102.37%  [0s]
classical_gen N=512    500/12000  loss=2.5334  ω=16.68%  ω_hi=16.15%  vel=6.54%  [3s]
classical_gen N=512   1000/12000  loss=1.6049  ω=17.00%  ω_hi=16.09%  vel=6.38%  [5s]
classical_gen N=512   1500/12000  loss=5.4770  ω=13.26%  ω_hi=12.97%  vel=4.93%  [8s]
classical_gen N=512   2000/12000  loss=2.0656  ω=12.58%  ω_hi=11.67%  vel=4.31%  [10s]
classical_gen N=512   2500/12000  loss=1.2401  ω=12.79%  ω_hi=11.16%  vel=5.19%  [13s]
classical_gen N=512   3000/12000  loss=3.7497  ω=12.74%  ω_hi=11.00%  vel=3.73%  [15s]
classical_gen N=512   3500/12000  loss=1.2739  ω=11.96%  ω_hi=10.62%  vel=3.21%  [18s]
classical_gen N=512   4000/12000  loss=1.1262  ω=11.58%  ω_hi=9.99%  vel=3.63%  [20s]
classical_gen N=512   4500/12000  loss=2.9074  ω=10.61%  ω_hi=9.03%  vel=3.23%  [23s]
classical_gen N=512   5000/12000  loss=1.7096  ω=10.24%  ω_hi=8.85%  vel=3.24%  [25s]
classical_gen N=512   5500/12000  loss=1.4686  ω=9.62%  ω_hi=8.19%  vel=3.59%  [28s]
classical_gen N=512   6000/12000  loss=2.2439  ω=9.31%  ω_hi=7.85%  vel=3.09%  [30s]
classical_gen N=512   6500/12000  loss=1.2385  ω=8.43%  ω_hi=7.06%  vel=3.13%  [33s]
classical_gen N=512   7000/12000  loss=1.6269  ω=7.80%  ω_hi=6.54%  vel=2.96%  [35s]
classical_gen N=512   7500/12000  loss=2.0073  ω=7.44%  ω_hi=6.00%  vel=2.88%  [38s]
classical_gen N=512   8000/12000  loss=1.4612  ω=6.98%  ω_hi=5.74%  vel=2.92%  [40s]
classical_gen N=512   8500/12000  loss=1.1448  ω=6.43%  ω_hi=5.25%  vel=2.89%  [43s]
classical_gen N=512   9000/12000  loss=1.1107  ω=5.99%  ω_hi=4.83%  vel=2.87%  [45s]
classical_gen N=512   9500/12000  loss=0.9476  ω=5.72%  ω_hi=4.62%  vel=2.74%  [48s]
classical_gen N=512  10000/12000  loss=0.7581  ω=5.58%  ω_hi=4.53%  vel=2.68%  [50s]
classical_gen N=512  10500/12000  loss=1.4993  ω=5.68%  ω_hi=4.60%  vel=2.64%  [53s]
classical_gen N=512  11000/12000  loss=1.1805  ω=5.68%  ω_hi=4.59%  vel=2.62%  [55s]
classical_gen N=512  11500/12000  loss=1.4256  ω=5.76%  ω_hi=4.66%  vel=2.62%  [58s]
classical_gen N=512  11999/12000  loss=0.7835  ω=5.82%  ω_hi=4.71%  vel=2.61%  [60s]
DONE classical_gen N=512  ω=5.58%  ω_hi=4.53%  [60.5s]  → /home/mozer/qt-pinn/blog/checkpoint/v6/sample_eff/N512_s0/classical_gen
Wrote /home/mozer/qt-pinn/blog/checkpoint/v6/scoreboard.md (1 rows)
