=== v6 classical_gen  N=4096 seed=0 steps=12000 q=8 L=4 bn=64 ===
classical_gen N=4096      0/12000  loss=412.0585  ω=102.87%  ω_hi=87.71%  vel=101.65%  [0s]
classical_gen N=4096    500/12000  loss=2.6314  ω=16.86%  ω_hi=16.28%  vel=6.15%  [3s]
classical_gen N=4096   1000/12000  loss=1.8537  ω=16.25%  ω_hi=15.60%  vel=6.07%  [5s]
classical_gen N=4096   1500/12000  loss=5.2765  ω=13.35%  ω_hi=13.05%  vel=5.00%  [8s]
classical_gen N=4096   2000/12000  loss=1.9325  ω=12.62%  ω_hi=11.61%  vel=4.41%  [11s]
classical_gen N=4096   2500/12000  loss=1.7346  ω=12.85%  ω_hi=11.65%  vel=4.62%  [14s]
classical_gen N=4096   3000/12000  loss=3.5934  ω=13.34%  ω_hi=11.46%  vel=3.79%  [17s]
classical_gen N=4096   3500/12000  loss=1.7465  ω=11.56%  ω_hi=10.22%  vel=3.97%  [20s]
classical_gen N=4096   4000/12000  loss=1.2484  ω=11.43%  ω_hi=9.90%  vel=3.92%  [23s]
classical_gen N=4096   4500/12000  loss=2.6112  ω=10.69%  ω_hi=9.45%  vel=3.33%  [25s]
classical_gen N=4096   5000/12000  loss=1.6541  ω=9.50%  ω_hi=7.98%  vel=3.27%  [28s]
classical_gen N=4096   5500/12000  loss=1.1416  ω=9.25%  ω_hi=7.80%  vel=3.40%  [31s]
classical_gen N=4096   6000/12000  loss=2.1347  ω=8.84%  ω_hi=7.51%  vel=3.24%  [34s]
classical_gen N=4096   6500/12000  loss=1.4033  ω=7.81%  ω_hi=6.42%  vel=2.92%  [37s]
classical_gen N=4096   7000/12000  loss=1.1342  ω=7.20%  ω_hi=5.81%  vel=2.99%  [40s]
classical_gen N=4096   7500/12000  loss=1.8215  ω=6.85%  ω_hi=5.43%  vel=2.99%  [43s]
classical_gen N=4096   8000/12000  loss=1.3376  ω=6.15%  ω_hi=4.97%  vel=2.93%  [45s]
classical_gen N=4096   8500/12000  loss=1.1666  ω=5.62%  ω_hi=4.49%  vel=2.91%  [48s]
classical_gen N=4096   9000/12000  loss=1.4892  ω=5.05%  ω_hi=4.08%  vel=2.84%  [51s]
classical_gen N=4096   9500/12000  loss=1.2793  ω=4.61%  ω_hi=3.67%  vel=2.81%  [54s]
classical_gen N=4096  10000/12000  loss=0.9842  ω=4.38%  ω_hi=3.53%  vel=2.82%  [56s]
classical_gen N=4096  10500/12000  loss=1.3159  ω=4.32%  ω_hi=3.47%  vel=2.78%  [59s]
classical_gen N=4096  11000/12000  loss=1.2861  ω=4.31%  ω_hi=3.44%  vel=2.74%  [62s]
classical_gen N=4096  11500/12000  loss=1.1118  ω=4.35%  ω_hi=3.49%  vel=2.72%  [65s]
classical_gen N=4096  11999/12000  loss=1.0451  ω=4.40%  ω_hi=3.53%  vel=2.70%  [68s]
DONE classical_gen N=4096  ω=4.31%  ω_hi=3.44%  [67.8s]  → /home/mozer/qt-pinn/blog/checkpoint/v6/sample_eff/N4096_s0/classical_gen
Wrote /home/mozer/qt-pinn/blog/checkpoint/v6/scoreboard.md (4 rows)
