=== v6 classical_gen  N=2048 seed=0 steps=12000 q=8 L=4 bn=64 ===
classical_gen N=2048      0/12000  loss=406.5053  ω=103.11%  ω_hi=88.33%  vel=102.23%  [0s]
classical_gen N=2048    500/12000  loss=2.9159  ω=17.01%  ω_hi=16.63%  vel=6.34%  [3s]
classical_gen N=2048   1000/12000  loss=1.5230  ω=17.25%  ω_hi=16.62%  vel=6.25%  [6s]
classical_gen N=2048   1500/12000  loss=5.3902  ω=13.72%  ω_hi=13.45%  vel=5.14%  [8s]
classical_gen N=2048   2000/12000  loss=2.1189  ω=12.58%  ω_hi=12.25%  vel=4.32%  [11s]
classical_gen N=2048   2500/12000  loss=1.1984  ω=12.94%  ω_hi=11.29%  vel=4.56%  [13s]
classical_gen N=2048   3000/12000  loss=3.8728  ω=13.00%  ω_hi=11.47%  vel=3.82%  [16s]
classical_gen N=2048   3500/12000  loss=1.4356  ω=12.37%  ω_hi=11.03%  vel=3.61%  [19s]
classical_gen N=2048   4000/12000  loss=1.3166  ω=11.55%  ω_hi=10.22%  vel=3.87%  [21s]
classical_gen N=2048   4500/12000  loss=3.1276  ω=10.63%  ω_hi=9.12%  vel=3.76%  [24s]
classical_gen N=2048   5000/12000  loss=1.5468  ω=9.69%  ω_hi=8.23%  vel=3.75%  [27s]
classical_gen N=2048   5500/12000  loss=1.0534  ω=9.25%  ω_hi=8.00%  vel=3.80%  [29s]
classical_gen N=2048   6000/12000  loss=1.8208  ω=8.72%  ω_hi=7.38%  vel=3.68%  [32s]
classical_gen N=2048   6500/12000  loss=1.7588  ω=8.18%  ω_hi=6.65%  vel=3.68%  [34s]
classical_gen N=2048   7000/12000  loss=1.3073  ω=7.36%  ω_hi=6.13%  vel=3.26%  [37s]
classical_gen N=2048   7500/12000  loss=2.1806  ω=6.95%  ω_hi=5.73%  vel=3.32%  [40s]
classical_gen N=2048   8000/12000  loss=1.4720  ω=6.29%  ω_hi=5.16%  vel=3.35%  [43s]
classical_gen N=2048   8500/12000  loss=1.2020  ω=5.79%  ω_hi=4.74%  vel=3.17%  [45s]
classical_gen N=2048   9000/12000  loss=1.3763  ω=5.57%  ω_hi=4.55%  vel=3.49%  [48s]
classical_gen N=2048   9500/12000  loss=1.0813  ω=5.14%  ω_hi=4.21%  vel=3.34%  [50s]
classical_gen N=2048  10000/12000  loss=1.0434  ω=5.07%  ω_hi=4.13%  vel=3.25%  [53s]
classical_gen N=2048  10500/12000  loss=1.1896  ω=5.31%  ω_hi=4.33%  vel=3.28%  [55s]
classical_gen N=2048  11000/12000  loss=1.0982  ω=5.50%  ω_hi=4.47%  vel=3.29%  [58s]
classical_gen N=2048  11500/12000  loss=1.0569  ω=5.58%  ω_hi=4.55%  vel=3.29%  [60s]
classical_gen N=2048  11999/12000  loss=0.8717  ω=5.65%  ω_hi=4.61%  vel=3.28%  [63s]
DONE classical_gen N=2048  ω=5.07%  ω_hi=4.13%  [62.9s]  → /home/mozer/qt-pinn/blog/checkpoint/v6/sample_eff/N2048_s0/classical_gen
Wrote /home/mozer/qt-pinn/blog/checkpoint/v6/scoreboard.md (3 rows)
