=== v6 classical_gen  N=1024 seed=0 steps=12000 q=8 L=4 bn=64 ===
classical_gen N=1024      0/12000  loss=403.3878  ω=102.89%  ω_hi=88.82%  vel=102.07%  [0s]
classical_gen N=1024    500/12000  loss=2.8385  ω=16.28%  ω_hi=15.93%  vel=5.95%  [3s]
classical_gen N=1024   1000/12000  loss=1.8231  ω=15.65%  ω_hi=15.04%  vel=6.02%  [6s]
classical_gen N=1024   1500/12000  loss=5.3373  ω=13.93%  ω_hi=12.25%  vel=5.15%  [8s]
classical_gen N=1024   2000/12000  loss=1.9616  ω=12.61%  ω_hi=11.25%  vel=4.28%  [11s]
classical_gen N=1024   2500/12000  loss=1.6473  ω=12.60%  ω_hi=11.24%  vel=4.49%  [13s]
classical_gen N=1024   3000/12000  loss=3.8158  ω=12.28%  ω_hi=10.44%  vel=4.07%  [15s]
classical_gen N=1024   3500/12000  loss=1.3876  ω=11.73%  ω_hi=10.46%  vel=3.31%  [18s]
classical_gen N=1024   4000/12000  loss=1.2935  ω=11.17%  ω_hi=9.85%  vel=4.15%  [21s]
classical_gen N=1024   4500/12000  loss=2.8784  ω=10.59%  ω_hi=9.08%  vel=3.78%  [23s]
classical_gen N=1024   5000/12000  loss=1.9738  ω=9.62%  ω_hi=8.23%  vel=3.84%  [26s]
classical_gen N=1024   5500/12000  loss=1.3540  ω=9.31%  ω_hi=8.05%  vel=4.14%  [28s]
classical_gen N=1024   6000/12000  loss=1.8962  ω=9.37%  ω_hi=7.80%  vel=4.15%  [31s]
classical_gen N=1024   6500/12000  loss=1.5387  ω=8.25%  ω_hi=6.96%  vel=3.79%  [33s]
classical_gen N=1024   7000/12000  loss=1.2242  ω=7.59%  ω_hi=6.36%  vel=3.91%  [35s]
classical_gen N=1024   7500/12000  loss=1.9559  ω=7.26%  ω_hi=6.01%  vel=3.88%  [38s]
classical_gen N=1024   8000/12000  loss=1.4256  ω=6.52%  ω_hi=5.33%  vel=3.81%  [40s]
classical_gen N=1024   8500/12000  loss=1.1205  ω=6.00%  ω_hi=4.89%  vel=3.60%  [43s]
classical_gen N=1024   9000/12000  loss=1.0388  ω=5.52%  ω_hi=4.41%  vel=3.73%  [45s]
classical_gen N=1024   9500/12000  loss=0.9576  ω=5.16%  ω_hi=4.12%  vel=3.63%  [48s]
classical_gen N=1024  10000/12000  loss=0.8842  ω=5.02%  ω_hi=4.04%  vel=3.66%  [50s]
classical_gen N=1024  10500/12000  loss=1.2859  ω=4.97%  ω_hi=4.01%  vel=3.60%  [53s]
classical_gen N=1024  11000/12000  loss=1.1606  ω=5.06%  ω_hi=4.05%  vel=3.59%  [55s]
classical_gen N=1024  11500/12000  loss=1.1274  ω=5.13%  ω_hi=4.13%  vel=3.53%  [58s]
classical_gen N=1024  11999/12000  loss=0.9588  ω=5.16%  ω_hi=4.15%  vel=3.53%  [61s]
DONE classical_gen N=1024  ω=4.97%  ω_hi=4.01%  [60.7s]  → /home/mozer/qt-pinn/blog/checkpoint/v6/sample_eff/N1024_s0/classical_gen
Wrote /home/mozer/qt-pinn/blog/checkpoint/v6/scoreboard.md (2 rows)
