loaded DNS /home/mozer/qt-pinn/blog/checkpoint/v5/unstable/dns/reference.pt
Training classical on perturbed DNS…
  [classical]     1/12000  loss=2.7129e+02  [0s]
  [classical]   500/12000  loss=1.1666e+01  [7s]
  [classical]  1000/12000  loss=1.1117e+01  [14s]
  [classical]  1500/12000  loss=1.0493e+01  [21s]
  [classical]  2000/12000  loss=1.1062e+01  [27s]
  [classical]  2500/12000  loss=1.1304e+01  [33s]
  [classical]  3000/12000  loss=1.0205e+01  [40s]
  [classical]  3500/12000  loss=1.1825e+01  [46s]
  [classical]  4000/12000  loss=1.1164e+01  [52s]
  [classical]  4500/12000  loss=1.1032e+01  [58s]
  [classical]  5000/12000  loss=1.0408e+01  [65s]
  [classical]  5500/12000  loss=1.1186e+01  [71s]
  [classical]  6000/12000  loss=1.0841e+01  [77s]
  [classical]  6500/12000  loss=1.0631e+01  [84s]
  [classical]  7000/12000  loss=1.0828e+01  [90s]
  [classical]  7500/12000  loss=1.0235e+01  [96s]
  [classical]  8000/12000  loss=1.0427e+01  [102s]
  [classical]  8500/12000  loss=1.0497e+01  [108s]
  [classical]  9000/12000  loss=1.0758e+01  [114s]
  [classical]  9500/12000  loss=1.0540e+01  [120s]
  [classical] 10000/12000  loss=1.0636e+01  [126s]
  [classical] 10500/12000  loss=1.0370e+01  [132s]
  [classical] 11000/12000  loss=1.0909e+01  [138s]
  [classical] 11500/12000  loss=1.0555e+01  [145s]
  [classical] 12000/12000  loss=1.0388e+01  [152s]
Training quantum (deployed weights) on perturbed DNS…
quantum weights: random init (no TGV warm-start)
  [quantum]       1/12000  loss=3.0092e+02  [0s]
  [quantum]     500/12000  loss=1.4446e+01  [6s]
  [quantum]    1000/12000  loss=1.2313e+01  [13s]
  [quantum]    1500/12000  loss=1.1569e+01  [20s]
  [quantum]    2000/12000  loss=1.1432e+01  [27s]
  [quantum]    2500/12000  loss=1.0876e+01  [33s]
  [quantum]    3000/12000  loss=1.1088e+01  [39s]
  [quantum]    3500/12000  loss=1.1104e+01  [46s]
  [quantum]    4000/12000  loss=1.1352e+01  [52s]
  [quantum]    4500/12000  loss=1.0926e+01  [59s]
  [quantum]    5000/12000  loss=1.0978e+01  [66s]
  [quantum]    5500/12000  loss=1.0901e+01  [73s]
  [quantum]    6000/12000  loss=1.1266e+01  [79s]
  [quantum]    6500/12000  loss=1.1233e+01  [86s]
  [quantum]    7000/12000  loss=1.0954e+01  [93s]
  [quantum]    7500/12000  loss=1.0472e+01  [99s]
  [quantum]    8000/12000  loss=1.0929e+01  [106s]
  [quantum]    8500/12000  loss=1.1375e+01  [113s]
  [quantum]    9000/12000  loss=1.0733e+01  [119s]
  [quantum]    9500/12000  loss=1.0927e+01  [126s]
  [quantum]   10000/12000  loss=1.0932e+01  [132s]
  [quantum]   10500/12000  loss=1.0718e+01  [139s]
  [quantum]   11000/12000  loss=1.0918e+01  [145s]
  [quantum]   11500/12000  loss=1.1808e+01  [152s]
  [quantum]   12000/12000  loss=1.0872e+01  [158s]
  gif frame 1/121 t=0.00
  gif frame 11/121 t=1.00
  gif frame 21/121 t=2.00
  gif frame 31/121 t=3.00
  gif frame 41/121 t=4.00
  gif frame 51/121 t=5.00
  gif frame 61/121 t=6.00
  gif frame 71/121 t=7.00
  gif frame 81/121 t=8.00
  gif frame 91/121 t=9.00
  gif frame 101/121 t=10.00
  gif frame 111/121 t=11.00
  gif frame 121/121 t=12.00
Wrote /home/mozer/qt-pinn/blog/checkpoint/v5/unstable/media/tgv_unstable_triplet.gif (121 frames @ 10 fps ≈ 12.1s)
Wrote /home/mozer/qt-pinn/blog/checkpoint/v5/unstable/media/tgv_unstable_snapshots.png
Done.
