Run: ns_sweep_05_lam50p0_bw256_f2p0_wreg0p01  ->  checkpoints/ns_sweep_05_lam50p0_bw256_f2p0_wreg0p01/  device=cpu
PDE: 2D unsteady incompressible NS, Taylor-Green vortex IC
     1379 MLP weights, 2048 quantum basis states (2048-dim circuit)
Batching: colloc=4096 (base 4096 x1), bc=4096 (base 4096 x1)
Hyperparams: lambda_bc=50.0 weight_reg=0.01 bottleneck=256 fourier_sigma=2.0
CPU threads: intra_op=4 inter_op=2
Generator params: 879,046

Adam  lr=0.005->1e-05  steps=6000  cosine=True
  step         total           pde            bc          lr
     0     28.216333      0.002240      0.564281  5.00e-03  [2s]
  1000     27.635563      0.234010      0.547973  4.67e-03  [348s]
  2000     27.288517      0.458127      0.536527  3.75e-03  [606s]
  3000     27.188822      0.551121      0.532664  2.50e-03  [923s]
  4000     27.144251      0.597071      0.530847  1.26e-03  [1212s]
  5000     27.087479      0.624010      0.529169  3.44e-04  [1458s]

Final  pde=0.6357139  bc=0.5282505  sum=1.1639645  [1654s]
Holdout pde=0.8559979  bc=0.5461934  pde_ratio=1.3465

Relative L2 vs exact Taylor-Green:
      t    u_err%    v_err%    p_err%
   0.00    98.160    97.927   100.641
   0.25    99.347    99.072   101.259
   0.50   101.195   100.937   101.567
   1.00    99.623    99.258   101.371

Saved -> checkpoints/ns_sweep_05_lam50p0_bw256_f2p0_wreg0p01/
